# serializer version: 1
# name: test_default_setup
  dict({
    'carrot_distance': 4,
    'max_rotation_vel': 0.4,
    'max_vel_x': 0.05,
    'max_vel_y': 0.05,
    'min_vel_x': -0.05,
    'orient_to_goal_distance': 1.0,
    'rotation_i_factor': 0.0,
    'rotation_slow_down_factor': 0.3,
    'smoothing_tau': 0.5,
    'translation_slow_down_factor': 0.5,
  })
# ---
# name: test_step_cmd_vel_smoothing
  'geometry_msgs.msg.Twist(linear=geometry_msgs.msg.Vector3(x=0.03270670566473225, y=0.02406005849709838, z=0.0), angular=geometry_msgs.msg.Vector3(x=0.0, y=0.0, z=0.20666164469042259))'
# ---
